sudo apt update
sudo apt install python3-dev python3-pip
sudo apt install -y build-essential
pip install opencv-python
keyboad als root
pip install numpy





login as: waklab
waklab@10.10.22.64's password:
Linux raspberrypi 5.15.32+ #1538 Thu Mar 31 19:37:58 BST 2022 armv6l

The programs included with the Debian GNU/Linux system are free software;
the exact distribution terms for each program are described in the
individual files in /usr/share/doc/*/copyright.

Debian GNU/Linux comes with ABSOLUTELY NO WARRANTY, to the extent
permitted by applicable law.
Last login: Mon Apr  4 13:11:58 2022
waklab@raspberrypi:~ $ sudo apt install python3-dev python3-pip
Reading package lists... Done
Building dependency tree... Done
Reading state information... Done
^C
waklab@raspberrypi:~ $ sudo apt install python3-dev python3-pip
Reading package lists... Done
Building dependency tree... Done
Reading state information... Done
The following additional packages will be installed:
  javascript-common libexpat1-dev libjs-jquery libjs-sphinxdoc
  libjs-underscore libpython3-dev libpython3.9-dev python-pip-whl
  python3-distutils python3-lib2to3 python3-setuptools python3-wheel
  python3.9-dev
Suggested packages:
  apache2 | lighttpd | httpd python-setuptools-doc
The following NEW packages will be installed:
  javascript-common libexpat1-dev libjs-jquery libjs-sphinxdoc
  libjs-underscore libpython3-dev libpython3.9-dev python-pip-whl python3-dev
  python3-distutils python3-lib2to3 python3-pip python3-setuptools
  python3-wheel python3.9-dev
0 upgraded, 15 newly installed, 0 to remove and 0 not upgraded.
Need to get 7,223 kB of archives.
After this operation, 23.0 MB of additional disk space will be used.
Do you want to continue? [Y/n] y
Get:1 http://archive.raspberrypi.org/debian bullseye/main armhf python-pip-whl all 20.3.4-4+rpt1 [2,002 kB]
Err:3 http://raspbian.raspberrypi.org/raspbian bullseye/main armhf libexpat1-dev armhf 2.2.10-2+deb11u2
  404  Not Found [IP: 93.93.128.193 80]
Get:2 http://raspbian.raspberrypi.org/raspbian bullseye/main armhf javascript-common all 11+nmu1 [6,260 B]
Get:4 http://raspbian.raspberrypi.org/raspbian bullseye/main armhf libjs-jquery all 3.5.1+dfsg+~3.5.5-7 [315 kB]
Get:9 http://archive.raspberrypi.org/debian bullseye/main armhf python3-pip all 20.3.4-4+rpt1 [337 kB]
Get:5 http://raspbian.raspberrypi.org/raspbian bullseye/main armhf libjs-underscore all 1.9.1~dfsg-3 [100 kB]
Get:6 http://ftp.gwdg.de/pub/linux/debian/raspbian/raspbian bullseye/main armhf libjs-sphinxdoc all 3.4.3-2 [127 kB]
Get:7 http://raspbian.raspberrypi.org/raspbian bullseye/main armhf libpython3.9-dev armhf 3.9.2-1+rpi1 [3,055 kB]
Get:8 http://ftp.gwdg.de/pub/linux/debian/raspbian/raspbian bullseye/main armhf libpython3-dev armhf 3.9.2-3 [21.7 kB]
Get:10 http://raspbian.raspberrypi.org/raspbian bullseye/main armhf python3.9-dev armhf 3.9.2-1+rpi1 [501 kB]
Get:11 http://ftp.gwdg.de/pub/linux/debian/raspbian/raspbian bullseye/main armhf python3-lib2to3 all 3.9.2-1 [77.8 kB]
Get:12 http://ftp.gwdg.de/pub/linux/debian/raspbian/raspbian bullseye/main armhf python3-distutils all 3.9.2-1 [143 kB]
Get:13 http://ftp.gwdg.de/pub/linux/debian/raspbian/raspbian bullseye/main armhf python3-dev armhf 3.9.2-3 [24.8 kB]
Get:14 http://ftp.gwdg.de/pub/linux/debian/raspbian/raspbian bullseye/main armhf python3-setuptools all 52.0.0-4 [366 kB]
Get:15 http://ftp.gwdg.de/pub/linux/debian/raspbian/raspbian bullseye/main armhf python3-wheel all 0.34.2-1 [24.0 kB]
Fetched 7,101 kB in 3s (2,045 kB/s)
E: Failed to fetch http://raspbian.raspberrypi.org/raspbian/pool/main/e/expat/libexpat1-dev_2.2.10-2%2bdeb11u2_armhf.deb  404  Not Found [IP: 93.93.128.193 80]
E: Unable to fetch some archives, maybe run apt-get update or try with --fix-missing?
waklab@raspberrypi:~ $ ^C
waklab@raspberrypi:~ $ apt-get update
Reading package lists... Done
E: Could not open lock file /var/lib/apt/lists/lock - open (13: Permission denied)
E: Unable to lock directory /var/lib/apt/lists/
W: Problem unlinking the file /var/cache/apt/pkgcache.bin - RemoveCaches (13: Permission denied)
W: Problem unlinking the file /var/cache/apt/srcpkgcache.bin - RemoveCaches (13: Permission denied)
waklab@raspberrypi:~ $ sudo apt update
Get:1 http://raspbian.raspberrypi.org/raspbian bullseye InRelease [15.0 kB]
Get:2 http://archive.raspberrypi.org/debian bullseye InRelease [23.7 kB]
Get:3 http://raspbian.raspberrypi.org/raspbian bullseye/main armhf Packages [13.2 MB]
Get:4 http://archive.raspberrypi.org/debian bullseye/main armhf Packages [281 kB]
Fetched 13.5 MB in 40s (337 kB/s)
Reading package lists... Done
Building dependency tree... Done
Reading state information... Done
35 packages can be upgraded. Run 'apt list --upgradable' to see them.
waklab@raspberrypi:~ $ sudo apt install python3-dev python3-pip
Reading package lists... Done
Building dependency tree... Done
Reading state information... Done
The following additional packages will be installed:
  javascript-common libexpat1 libexpat1-dev libjs-jquery libjs-sphinxdoc
  libjs-underscore libpython3-dev libpython3.9-dev python-pip-whl
  python3-distutils python3-lib2to3 python3-setuptools python3-wheel
  python3.9-dev
Suggested packages:
  apache2 | lighttpd | httpd python-setuptools-doc
The following NEW packages will be installed:
  javascript-common libexpat1-dev libjs-jquery libjs-sphinxdoc
  libjs-underscore libpython3-dev libpython3.9-dev python-pip-whl python3-dev
  python3-distutils python3-lib2to3 python3-pip python3-setuptools
  python3-wheel python3.9-dev
The following packages will be upgraded:
  libexpat1
1 upgraded, 15 newly installed, 0 to remove and 34 not upgraded.
Need to get 198 kB/7,298 kB of archives.
After this operation, 23.0 MB of additional disk space will be used.
Do you want to continue? [Y/n] y
Get:1 http://raspbian.raspberrypi.org/raspbian bullseye/main armhf libexpat1 armhf 2.2.10-2+deb11u3 [74.9 kB]
Get:2 http://raspbian.raspberrypi.org/raspbian bullseye/main armhf libexpat1-dev armhf 2.2.10-2+deb11u3 [123 kB]
Fetched 198 kB in 1s (226 kB/s)
Reading changelogs... Done
Selecting previously unselected package javascript-common.
(Reading database ... 42797 files and directories currently installed.)
Preparing to unpack .../00-javascript-common_11+nmu1_all.deb ...
Unpacking javascript-common (11+nmu1) ...
Preparing to unpack .../01-libexpat1_2.2.10-2+deb11u3_armhf.deb ...
Unpacking libexpat1:armhf (2.2.10-2+deb11u3) over (2.2.10-2+deb11u2) ...
Selecting previously unselected package libexpat1-dev:armhf.
Preparing to unpack .../02-libexpat1-dev_2.2.10-2+deb11u3_armhf.deb ...
Unpacking libexpat1-dev:armhf (2.2.10-2+deb11u3) ...
Selecting previously unselected package libjs-jquery.
Preparing to unpack .../03-libjs-jquery_3.5.1+dfsg+~3.5.5-7_all.deb ...
Unpacking libjs-jquery (3.5.1+dfsg+~3.5.5-7) ...
Selecting previously unselected package libjs-underscore.
Preparing to unpack .../04-libjs-underscore_1.9.1~dfsg-3_all.deb ...
Unpacking libjs-underscore (1.9.1~dfsg-3) ...
Selecting previously unselected package libjs-sphinxdoc.
Preparing to unpack .../05-libjs-sphinxdoc_3.4.3-2_all.deb ...
Unpacking libjs-sphinxdoc (3.4.3-2) ...
Selecting previously unselected package libpython3.9-dev:armhf.
Preparing to unpack .../06-libpython3.9-dev_3.9.2-1+rpi1_armhf.deb ...
Unpacking libpython3.9-dev:armhf (3.9.2-1+rpi1) ...
Selecting previously unselected package libpython3-dev:armhf.
Preparing to unpack .../07-libpython3-dev_3.9.2-3_armhf.deb ...
Unpacking libpython3-dev:armhf (3.9.2-3) ...
Selecting previously unselected package python-pip-whl.
Preparing to unpack .../08-python-pip-whl_20.3.4-4+rpt1_all.deb ...
Unpacking python-pip-whl (20.3.4-4+rpt1) ...
Selecting previously unselected package python3.9-dev.
Preparing to unpack .../09-python3.9-dev_3.9.2-1+rpi1_armhf.deb ...
Unpacking python3.9-dev (3.9.2-1+rpi1) ...
Selecting previously unselected package python3-lib2to3.
Preparing to unpack .../10-python3-lib2to3_3.9.2-1_all.deb ...
Unpacking python3-lib2to3 (3.9.2-1) ...
Selecting previously unselected package python3-distutils.
Preparing to unpack .../11-python3-distutils_3.9.2-1_all.deb ...
Unpacking python3-distutils (3.9.2-1) ...
Selecting previously unselected package python3-dev.
Preparing to unpack .../12-python3-dev_3.9.2-3_armhf.deb ...
Unpacking python3-dev (3.9.2-3) ...
Selecting previously unselected package python3-setuptools.
Preparing to unpack .../13-python3-setuptools_52.0.0-4_all.deb ...
Unpacking python3-setuptools (52.0.0-4) ...
Selecting previously unselected package python3-wheel.
Preparing to unpack .../14-python3-wheel_0.34.2-1_all.deb ...
Unpacking python3-wheel (0.34.2-1) ...
Selecting previously unselected package python3-pip.
Preparing to unpack .../15-python3-pip_20.3.4-4+rpt1_all.deb ...
Unpacking python3-pip (20.3.4-4+rpt1) ...
Setting up libexpat1:armhf (2.2.10-2+deb11u3) ...
Setting up javascript-common (11+nmu1) ...
Setting up python3-wheel (0.34.2-1) ...
Setting up libexpat1-dev:armhf (2.2.10-2+deb11u3) ...
Setting up python-pip-whl (20.3.4-4+rpt1) ...
Setting up libjs-jquery (3.5.1+dfsg+~3.5.5-7) ...
Setting up python3-lib2to3 (3.9.2-1) ...
Setting up libjs-underscore (1.9.1~dfsg-3) ...
Setting up python3-distutils (3.9.2-1) ...
Setting up python3-setuptools (52.0.0-4) ...
Setting up libpython3.9-dev:armhf (3.9.2-1+rpi1) ...
Setting up python3-pip (20.3.4-4+rpt1) ...
Setting up libjs-sphinxdoc (3.4.3-2) ...
Setting up python3.9-dev (3.9.2-1+rpi1) ...
Setting up libpython3-dev:armhf (3.9.2-3) ...
Setting up python3-dev (3.9.2-3) ...
Processing triggers for man-db (2.9.4-2) ...
Processing triggers for libc-bin (2.31-13+rpt2+rpi1+deb11u2) ...
waklab@raspberrypi:~ $ pip install numpy
pip install numpy


^CTraceback (most recent call last):
  File "/usr/bin/pip", line 33, in <module>
    sys.exit(load_entry_point('pip==20.3.4', 'console_scripts', 'pip')())
  File "/usr/bin/pip", line 25, in importlib_load_entry_point
    return next(matches).load()
  File "/usr/lib/python3.9/importlib/metadata.py", line 77, in load
    module = import_module(match.group('module'))
  File "/usr/lib/python3.9/importlib/__init__.py", line 127, in import_module
    return _bootstrap._gcd_import(name[level:], package, level)
  File "<frozen importlib._bootstrap>", line 1030, in _gcd_import
  File "<frozen importlib._bootstrap>", line 1007, in _find_and_load
  File "<frozen importlib._bootstrap>", line 986, in _find_and_load_unlocked
  File "<frozen importlib._bootstrap>", line 680, in _load_unlocked
  File "<frozen importlib._bootstrap_external>", line 790, in exec_module
  File "<frozen importlib._bootstrap>", line 228, in _call_with_frames_removed
  File "/usr/lib/python3/dist-packages/pip/_internal/cli/main.py", line 10, in <module>
    from pip._internal.cli.autocompletion import autocomplete
  File "/usr/lib/python3/dist-packages/pip/_internal/cli/autocompletion.py", line 9, in <module>
    from pip._internal.cli.main_parser import create_main_parser
  File "/usr/lib/python3/dist-packages/pip/_internal/cli/main_parser.py", line 7, in <module>
    from pip._internal.cli import cmdoptions
  File "/usr/lib/python3/dist-packages/pip/_internal/cli/cmdoptions.py", line 23, in <module>
    from pip._vendor.packaging.utils import canonicalize_name
  File "/usr/lib/python3/dist-packages/pip/_vendor/__init__.py", line 82, in <module>
    vendored("pkg_resources")
  File "/usr/lib/python3/dist-packages/pip/_vendor/__init__.py", line 36, in vendored
    __import__(modulename, globals(), locals(), level=0)
  File "<frozen importlib._bootstrap>", line 1007, in _find_and_load
  File "<frozen importlib._bootstrap>", line 986, in _find_and_load_unlocked
  File "<frozen importlib._bootstrap>", line 664, in _load_unlocked
  File "<frozen importlib._bootstrap>", line 627, in _load_backward_compatible
  File "<frozen zipimport>", line 259, in load_module
  File "/usr/share/python-wheels/pkg_resources-0.0.0-py2.py3-none-any.whl/pkg_resources/__init__.py", line 58, in <module>
  File "<frozen importlib._bootstrap>", line 1007, in _find_and_load
  File "<frozen importlib._bootstrap>", line 986, in _find_and_load_unlocked
  File "<frozen importlib._bootstrap>", line 664, in _load_unlocked
  File "<frozen importlib._bootstrap>", line 627, in _load_backward_compatible
  File "/usr/share/python-wheels/pkg_resources-0.0.0-py2.py3-none-any.whl/pkg_resources/extern/__init__.py", line 43, in load_module
  File "<frozen importlib._bootstrap>", line 1007, in _find_and_load
  File "<frozen importlib._bootstrap>", line 986, in _find_and_load_unlocked
  File "<frozen importlib._bootstrap>", line 664, in _load_unlocked
  File "<frozen importlib._bootstrap>", line 627, in _load_backward_compatible
  File "<frozen zipimport>", line 241, in load_module
  File "<frozen zipimport>", line 713, in _get_module_code
  File "<frozen zipimport>", line 647, in _compile_source
KeyboardInterrupt

waklab@raspberrypi:~ $ pip install numpy
Looking in indexes: https://pypi.org/simple, https://www.piwheels.org/simple
Collecting numpy
  Downloading https://www.piwheels.org/simple/numpy/numpy-1.22.4-cp39-cp39-linux_armv6l.whl (13.0 MB)
     |████████████████████████████████| 13.0 MB 13 kB/s
Installing collected packages: numpy
  WARNING: The scripts f2py, f2py3 and f2py3.9 are installed in '/home/waklab/.local/bin' which is not on PATH.
  Consider adding this directory to PATH or, if you prefer to suppress this warning, use --no-warn-script-location.
Successfully installed numpy-1.22.4
waklab@raspberrypi:~ $ sudo apt install -y build-essential
Reading package lists... Done
Building dependency tree... Done
Reading state information... Done
build-essential is already the newest version (12.9).
0 upgraded, 0 newly installed, 0 to remove and 34 not upgraded.
waklab@raspberrypi:~ $ pip install opencv2
pip install Looking in indexes: https://pypi.org/simple, https://www.piwheels.org/simple
ERROR: Could not find a version that satisfies the requirement opencv2
ERROR: No matching distribution found for opencv2                              waklab@raspberrypi:~ $ pip install^C
waklab@raspberrypi:~ $ pip install opencv-python
Looking in indexes: https://pypi.org/simple, https://www.piwheels.org/simple
Collecting opencv-python
  Downloading https://www.piwheels.org/simple/opencv-python/opencv_python-4.6.0.66-cp39-cp39-linux_armv6l.whl (11.3 MB)
     |████████████████████████████████| 11.3 MB 14 kB/s
Requirement already satisfied: numpy>=1.14.5 in ./.local/lib/python3.9/site-packages (from opencv-python) (1.22.4)
Installing collected packages: opencv-python
Successfully installed opencv-python-4.6.0.66
waklab@raspberrypi:~ $ pip install numpy
Looking in indexes: https://pypi.org/simple, https://www.piwheels.org/simple
Requirement already satisfied: numpy in ./.local/lib/python3.9/site-packages (1.22.4)
waklab@raspberrypi:~ $ sudo apt-get install libcblas-dev
Reading package lists... Done
Building dependency tree... Done
Reading state information... Done
Package libcblas-dev is not available, but is referred to by another package.
This may mean that the package is missing, has been obsoleted, or
is only available from another source
However the following packages replace it:
  libatlas-base-dev

E: Package 'libcblas-dev' has no installation candidate
waklab@raspberrypi:~ $ sudo apt-get install libatlas-base-dev
Reading package lists... Done
Building dependency tree... Done
Reading state information... Done
The following additional packages will be installed:
  libatlas3-base libgfortran5
Suggested packages:
  libatlas-doc liblapack-doc
The following NEW packages will be installed:
  libatlas-base-dev libatlas3-base libgfortran5
0 upgraded, 3 newly installed, 0 to remove and 34 not upgraded.
Need to get 5,287 kB of archives.
After this operation, 27.4 MB of additional disk space will be used.
Do you want to continue? [Y/n]
Get:1 http://raspbian.raspberrypi.org/raspbian bullseye/main armhf libgfortran5 armhf 10.2.1-6+rpi1 [232 kB]
Get:2 http://raspbian.raspberrypi.org/raspbian bullseye/main armhf libatlas3-base armhf 3.10.3-10+rpi1 [2,454 kB]
Get:3 http://raspbian.raspberrypi.org/raspbian bullseye/main armhf libatlas-base-dev armhf 3.10.3-10+rpi1 [2,601 kB]
Fetched 5,287 kB in 3s (2,067 kB/s)
Selecting previously unselected package libgfortran5:armhf.
(Reading database ... 43672 files and directories currently installed.)
Preparing to unpack .../libgfortran5_10.2.1-6+rpi1_armhf.deb ...
Unpacking libgfortran5:armhf (10.2.1-6+rpi1) ...
Selecting previously unselected package libatlas3-base:armhf.
Preparing to unpack .../libatlas3-base_3.10.3-10+rpi1_armhf.deb ...
Unpacking libatlas3-base:armhf (3.10.3-10+rpi1) ...
Selecting previously unselected package libatlas-base-dev:armhf.
Preparing to unpack .../libatlas-base-dev_3.10.3-10+rpi1_armhf.deb ...
Unpacking libatlas-base-dev:armhf (3.10.3-10+rpi1) ...
Setting up libgfortran5:armhf (10.2.1-6+rpi1) ...
Setting up libatlas3-base:armhf (3.10.3-10+rpi1) ...
update-alternatives: using /usr/lib/arm-linux-gnueabihf/atlas/libblas.so.3 to provide /usr/lib/arm-linux-gnueabihf/libblas.so.3 (libblas.so.3-arm-linux-gnueabihf) in auto mode
update-alternatives: using /usr/lib/arm-linux-gnueabihf/atlas/liblapack.so.3 to provide /usr/lib/arm-linux-gnueabihf/liblapack.so.3 (liblapack.so.3-arm-linux-gnueabihf) in auto mode
Setting up libatlas-base-dev:armhf (3.10.3-10+rpi1) ...
update-alternatives: using /usr/lib/arm-linux-gnueabihf/atlas/libblas.so to provide /usr/lib/arm-linux-gnueabihf/libblas.so (libblas.so-arm-linux-gnueabihf) in auto mode
update-alternatives: using /usr/lib/arm-linux-gnueabihf/atlas/liblapack.so to provide /usr/lib/arm-linux-gnueabihf/liblapack.so (liblapack.so-arm-linux-gnueabihf) in auto mode
Processing triggers for libc-bin (2.31-13+rpt2+rpi1+deb11u2) ...
waklab@raspberrypi:~ $ pip install pil
Looking in indexes: https://pypi.org/simple, https://www.piwheels.org/simple
ERROR: Could not find a version that satisfies the requirement pil
ERROR: No matching distribution found for pil
waklab@raspberrypi:~ $ pip install pillow
Looking in indexes: https://pypi.org/simple, https://www.piwheels.org/simple
Collecting pillow
  Downloading https://www.piwheels.org/simple/pillow/Pillow-9.1.1-cp39-cp39-linux_armv6l.whl (1.1 MB)
     |████████████████████████████████| 1.1 MB 270 kB/s
Installing collected packages: pillow
Successfully installed pillow-9.1.1
waklab@raspberrypi:~ $ sudo apt-get install libopenjp2-7-dev
Reading package lists... Done
Building dependency tree... Done
Reading state information... Done
The following additional packages will be installed:
  libopenjp2-7
The following NEW packages will be installed:
  libopenjp2-7 libopenjp2-7-dev
0 upgraded, 2 newly installed, 0 to remove and 34 not upgraded.
Need to get 324 kB of archives.
After this operation, 1,019 kB of additional disk space will be used.
Do you want to continue? [Y/n]
Get:1 http://ftp.gwdg.de/pub/linux/debian/raspbian/raspbian bullseye/main armhf libopenjp2-7 armhf 2.4.0-3 [150 kB]
Get:2 http://ftp.gwdg.de/pub/linux/debian/raspbian/raspbian bullseye/main armhf libopenjp2-7-dev armhf 2.4.0-3 [174 kB]
Fetched 324 kB in 1s (344 kB/s)
Selecting previously unselected package libopenjp2-7:armhf.
(Reading database ... 43873 files and directories currently installed.)
Preparing to unpack .../libopenjp2-7_2.4.0-3_armhf.deb ...
Unpacking libopenjp2-7:armhf (2.4.0-3) ...
Selecting previously unselected package libopenjp2-7-dev.
Preparing to unpack .../libopenjp2-7-dev_2.4.0-3_armhf.deb ...
Unpacking libopenjp2-7-dev (2.4.0-3) ...
Setting up libopenjp2-7:armhf (2.4.0-3) ...
Setting up libopenjp2-7-dev (2.4.0-3) ...
Processing triggers for libc-bin (2.31-13+rpt2+rpi1+deb11u2) ...
waklab@raspberrypi:~ $ pip install keyboard
Looking in indexes: https://pypi.org/simple, https://www.piwheels.org/simple
Collecting keyboard
  Downloading https://www.piwheels.org/simple/keyboard/keyboard-0.13.5-py3-none-any.whl (58 kB)
     |████████████████████████████████| 58 kB 410 kB/s
Installing collected packages: keyboard
Successfully installed keyboard-0.13.5
waklab@raspberrypi:~ $ ^C
waklab@raspberrypi:~ $ pip3 install numpy
Looking in indexes: https://pypi.org/simple, https://www.piwheels.org/simple
Requirement already satisfied: numpy in ./.local/lib/python3.9/site-packages (1.22.4)
waklab@raspberrypi:~ $ ^[[C
-bash: $'\E[C': command not found
waklab@raspberrypi:~ $ sudo pip3 install numpy
Looking in indexes: https://pypi.org/simple, https://www.piwheels.org/simple
Collecting numpy
  Downloading https://www.piwheels.org/simple/numpy/numpy-1.22.4-cp39-cp39-linux_armv6l.whl (13.0 MB)
     |████████████████████████████████| 13.0 MB 13 kB/s
Installing collected packages: numpy
Successfully installed numpy-1.22.4
waklab@raspberrypi:~ $ sudo pip3 install pillow
Looking in indexes: https://pypi.org/simple, https://www.piwheels.org/simple
Collecting pillow
  Downloading https://www.piwheels.org/simple/pillow/Pillow-9.1.1-cp39-cp39-linux_armv6l.whl (1.1 MB)
     |████████████████████████████████| 1.1 MB 1.1 MB/s
Installing collected packages: pillow
Successfully installed pillow-9.1.1
waklab@raspberrypi:~ $ sudo pip3 install keyboard
#Looking in indexes: https://pypi.org/simple, https://www.piwheels.org/simple
Collecting keyboard
  Downloading https://www.piwheels.org/simple/keyboard/keyboard-0.13.5-py3-none-any.whl (58 kB)
     |████████████████████████████████| 58 kB 465 kB/s
Installing collected packages: keyboard
Successfully installed keyboard-0.13.5
